symbol x is already declared on line 6 at offset 7
