Parse Error: function foobar is not declared on line 4 at character offset 2
