cannot cast boolean to numeric type on line 4 at offset 10
