Parse error in ./test/syntax-error.ks on line 4 at offset 1: missing token, expected SEMICOLON
