Parse error in ./test/syntax-error-2.ks on line 3 at offset 12: missing token, expected BRACE_L
Parse error in ./test/syntax-error-2.ks on line 3 at offset 12: missing token, expected BRACE_R
